// Jest Snapshot v1, https://goo.gl/fbAQLP

exports[`test <WeatherForecastCard/> component snapshot testing 1`] = `"<div class=\\"MuiPaper-root MuiPaper-elevation MuiPaper-rounded MuiPaper-elevation1 MuiCard-root css-1j5fzi0-MuiPaper-root-MuiCard-root\\"><div class=\\"MuiCardContent-root css-46bh2p-MuiCardContent-root\\"><p class=\\"MuiTypography-root MuiTypography-body1 css-a4lwg8-MuiTypography-root\\"><span>49.11°C</span></p><div class=\\"MuiCardMedia-root css-16lelco-MuiCardMedia-root\\" role=\\"img\\" style=\\"background-image: url(/);\\"></div><p class=\\"MuiTypography-root MuiTypography-body1 css-b0j169-MuiTypography-root\\">sunny</p><p class=\\"MuiTypography-root MuiTypography-body1 css-p09gn3-MuiTypography-root\\">NaN: NaN</p><p class=\\"MuiTypography-root MuiTypography-body1 css-p09gn3-MuiTypography-root\\">,  NaN</p></div></div>"`;
