// Jest Snapshot v1, https://goo.gl/fbAQLP

exports[`test <AppLayout/> component snapshot testing 1`] = `"<div class=\\"MuiBox-root css-1xmafg8\\"><span></span><div class=\\"MuiBox-root css-1y08cah\\"><lottie-player src=\\"https://assets3.lottiefiles.com/packages/lf20_xx4r8tdi.json\\" background=\\"transparent\\" speed=\\"1\\" style=\\"width: 100px; height: 100px;\\" loop=\\"true\\" autoplay=\\"true\\"></lottie-player></div></div>"`;
